0 verbose cli D:\NodeJS\node.exe D:\NodeJS\node_modules\npm\bin\npm-cli.js
1 info using npm@11.11.0
2 info using node@v24.14.1
3 silly config load:file:D:\NodeJS\node_modules\npm\npmrc
4 silly config load:file:D:\DOAN\internconnect\internconnect\.npmrc
5 silly config load:file:C:\Users\LEGION\.npmrc
6 silly config load:file:D:\DOAN\internconnect\internconnect\etc\npmrc
7 verbose title npm ls
8 verbose argv "--prefix" ".\\internconnect\\internconnect" "ls" "--depth" "0"
9 verbose logfile logs-max:10 dir:D:\DOAN\.npm-cache\_logs\2026-10-10T13_19_28_425Z-
10 verbose logfile D:\DOAN\.npm-cache\_logs\2026-10-10T13_19_28_425Z-debug-0.log
11 silly logfile done cleaning log files
12 silly packumentCache heap:4496293888 maxSize:1124073472 maxEntrySize:562036736
13 verbose shrinkwrap failed to load node_modules/.package-lock.json out of date, updated: node_modules
14 verbose stack Error: missing: bcryptjs@^3.0.2, required by internconnect@0.0.0
14 verbose stack missing: cookie-parser@^1.4.7, required by internconnect@0.0.0
14 verbose stack missing: cors@^2.8.5, required by internconnect@0.0.0
14 verbose stack missing: express-rate-limit@^8.1.0, required by internconnect@0.0.0
14 verbose stack missing: express@^5.1.0, required by internconnect@0.0.0
14 verbose stack missing: helmet@^8.1.0, required by internconnect@0.0.0
14 verbose stack missing: jsonwebtoken@^9.0.2, required by internconnect@0.0.0
14 verbose stack missing: multer@^2.0.2, required by internconnect@0.0.0
14 verbose stack missing: mysql2@^3.15.3, required by internconnect@0.0.0
14 verbose stack     at LS.exec (D:\NodeJS\node_modules\npm\lib\commands\ls.js:204:9)
14 verbose stack     at async Npm.exec (D:\NodeJS\node_modules\npm\lib\npm.js:209:9)
14 verbose stack     at async module.exports (D:\NodeJS\node_modules\npm\lib\cli\entry.js:67:5)
15 error code ELSPROBLEMS
16 error missing: bcryptjs@^3.0.2, required by internconnect@0.0.0
16 error missing: cookie-parser@^1.4.7, required by internconnect@0.0.0
16 error missing: cors@^2.8.5, required by internconnect@0.0.0
16 error missing: express-rate-limit@^8.1.0, required by internconnect@0.0.0
16 error missing: express@^5.1.0, required by internconnect@0.0.0
16 error missing: helmet@^8.1.0, required by internconnect@0.0.0
16 error missing: jsonwebtoken@^9.0.2, required by internconnect@0.0.0
16 error missing: multer@^2.0.2, required by internconnect@0.0.0
16 error missing: mysql2@^3.15.3, required by internconnect@0.0.0
17 verbose cwd D:\DOAN
18 verbose os Windows_NT 10.0.26300
19 verbose node v24.14.1
20 verbose npm  v11.11.0
21 verbose exit 1
22 verbose code 1
23 error A complete log of this run can be found in: D:\DOAN\.npm-cache\_logs\2026-10-10T13_19_28_425Z-debug-0.log
